\BOOKMARK [1][-]{section.1}{\376\377\000I\000n\000t\000r\000o\000d\000u\000c\000t\000i\000o\000n}{}% 1
\BOOKMARK [2][-]{subsection.1.1}{\376\377\000S\000o\000u\000r\000c\000e\000s}{section.1}% 2
\BOOKMARK [2][-]{subsection.1.2}{\376\377\000P\000u\000r\000p\000o\000s\000e}{section.1}% 3
\BOOKMARK [1][-]{section.2}{\376\377\000B\000a\000s\000e\000\040\000k\000n\000o\000w\000l\000e\000d\000g\000e}{}% 4
\BOOKMARK [2][-]{subsection.2.1}{\376\377\000W\000h\000a\000t\000\040\000i\000s\000\040\000a\000\040\000F\000i\000e\000l\000d}{section.2}% 5
\BOOKMARK [2][-]{subsection.2.2}{\376\377\000F\000o\000r\000m\000a\000l\000\040\000d\000e\000f\000i\000n\000i\000t\000i\000o\000n}{section.2}% 6
\BOOKMARK [3][-]{definition.2.1}{\376\377\000F\000i\000e\000l\000d}{subsection.2.2}% 7
\BOOKMARK [3][-]{axiom.2.1}{\376\377\000D\000i\000s\000t\000r\000i\000b\000u\000t\000i\000v\000e\000\040\000l\000a\000w}{subsection.2.2}% 8
\BOOKMARK [3][-]{theorem.2.1}{\376\377\000Z\000e\000r\000o\000\040\000u\000n\000i\000q\000u\000e\000n\000e\000s\000s}{subsection.2.2}% 9
\BOOKMARK [2][-]{subsection.2.3}{\376\377\000O\000r\000d\000e\000r}{section.2}% 10
\BOOKMARK [3][-]{Item.3}{\376\377\000O\000r\000d\000e\000r\000e\000d\000\040\000s\000e\000t\000s}{subsection.2.3}% 11
\BOOKMARK [3][-]{Item.6}{\376\377\000P\000a\000r\000t\000i\000a\000l\000\040\000O\000r\000d\000e\000r\000i\000n\000g}{subsection.2.3}% 12
\BOOKMARK [3][-]{Item.8}{\376\377\000T\000o\000t\000a\000l\000\040\000O\000r\000d\000e\000r\000i\000n\000g}{subsection.2.3}% 13
\BOOKMARK [3][-]{definition.2.5}{\376\377\000O\000r\000d\000e\000r\000e\000d\000\040\000f\000i\000e\000l\000d\000s}{subsection.2.3}% 14
\BOOKMARK [2][-]{subsection.2.4}{\376\377\000C\000o\000m\000p\000l\000e\000t\000e\000n\000e\000s\000s}{section.2}% 15
\BOOKMARK [3][-]{definition.2.6}{\376\377\000B\000o\000u\000n\000d\000s}{subsection.2.4}% 16
\BOOKMARK [3][-]{definition.2.9}{\376\377\000L\000e\000a\000s\000t\000\040\000U\000p\000p\000e\000r\000\040\000B\000o\000u\000n\000d}{subsection.2.4}% 17
\BOOKMARK [3][-]{definition.2.10}{\376\377\000G\000r\000e\000a\000t\000e\000s\000t\000\040\000L\000o\000w\000e\000r\000\040\000B\000o\000u\000n\000d}{subsection.2.4}% 18
\BOOKMARK [3][-]{theorem.2.3}{\376\377\000U\000n\000i\000q\000u\000e\000n\000e\000s\000s\000\040\000o\000f\000\040\000S\000u\000p\000r\000e\000m\000u\000m}{subsection.2.4}% 19
\BOOKMARK [3][-]{definition.2.11}{\376\377\000C\000o\000m\000p\000l\000e\000t\000e\000\040\000O\000r\000d\000e\000r\000e\000d\000\040\000F\000i\000e\000l\000d}{subsection.2.4}% 20
\BOOKMARK [3][-]{theorem.2.4}{\376\377\000L\000e\000a\000s\000t\000\040\000U\000p\000p\000e\000r\000\040\000B\000o\000u\000n\000d\000\040\000P\000r\000i\000n\000c\000i\000p\000l\000e}{subsection.2.4}% 21
\BOOKMARK [2][-]{subsection.2.5}{\376\377\000A\000r\000c\000h\000i\000m\000e\000d\000e\000a\000n\000\040\000p\000r\000o\000p\000e\000r\000t\000y}{section.2}% 22
\BOOKMARK [2][-]{subsection.2.6}{\376\377\000P\000r\000o\000b\000l\000e\000m\000s\000\040\000\046\000\040\000E\000x\000e\000r\000c\000i\000s\000e\000s}{section.2}% 23
\BOOKMARK [1][-]{section.3}{\376\377\000R\000\040\000a\000s\000\040\000t\000h\000e\000\040\000c\000o\000m\000p\000l\000e\000t\000e\000\040\000o\000r\000d\000e\000r\000e\000d\000\040\000f\000i\000e\000l\000d}{}% 24
\BOOKMARK [2][-]{subsection.3.1}{\376\377\000F\000\040\000i\000s\000\040\000R}{section.3}% 25
\BOOKMARK [3][-]{subsubsection.3.1.1}{\376\377\000I\000s\000o\000m\000o\000r\000p\000h\000i\000s\000m}{subsection.3.1}% 26
\BOOKMARK [3][-]{definition.3.1}{\376\377\000F\000i\000e\000l\000d\000\040\000h\000o\000m\000o\000m\000o\000r\000p\000h\000i\000s\000m}{subsection.3.1}% 27
\BOOKMARK [3][-]{definition.3.2}{\376\377\000F\000i\000e\000l\000d\000\040\000i\000s\000o\000m\000o\000r\000p\000h\000i\000s\000m}{subsection.3.1}% 28
\BOOKMARK [3][-]{lemma.3.1}{\376\377\000I\000n\000j\000e\000c\000t\000i\000v\000i\000t\000y\000\040\000b\000y\000\040\000o\000r\000d\000e\000r\000\040\000p\000r\000e\000s\000e\000r\000v\000a\000t\000i\000o\000n}{subsection.3.1}% 29
\BOOKMARK [3][-]{lemma.3.2}{\376\377\000S\000u\000r\000j\000e\000c\000t\000i\000v\000i\000t\000y\000\040\000b\000y\000\040\000c\000o\000n\000s\000t\000r\000u\000c\000t\000i\000o\000n}{subsection.3.1}% 30
\BOOKMARK [2][-]{subsection.3.2}{\376\377\000S\000e\000t\000s\000\040\000c\000o\000n\000s\000t\000r\000u\000c\000t\000i\000o\000n}{section.3}% 31
\BOOKMARK [3][-]{definition.3.3}{\376\377\000N\000F\000\040\000b\000y\000\040\000i\000n\000d\000u\000c\000t\000i\000o\000n}{subsection.3.2}% 32
\BOOKMARK [3][-]{Item.27}{\376\377\000Z\000F\000\040\000b\000y\000\040\000e\000x\000t\000e\000n\000s\000i\000o\000n}{subsection.3.2}% 33
\BOOKMARK [3][-]{Item.29}{\376\377\000Q\000F\000\040\000b\000y\000\040\000o\000p\000e\000r\000a\000t\000i\000o\000n}{subsection.3.2}% 34
\BOOKMARK [2][-]{subsection.3.3}{\376\377\000I\000s\000o\000m\000o\000r\000p\000h\000i\000s\000m\000\040\000i\000n\000\040\000Q\000s}{section.3}% 35
\BOOKMARK [3][-]{definition.3.6}{\376\377\000\040\000f\000u\000n\000c\000t\000i\000o\000n}{subsection.3.3}% 36
\BOOKMARK [3][-]{Item.34}{\376\377\000O\000r\000d\000e\000r\000i\000n\000g\000\040\000i\000n\000\040\000N\000F}{subsection.3.3}% 37
\BOOKMARK [3][-]{Item.40}{\376\377\000O\000r\000d\000e\000r\000i\000n\000g\000\040\000i\000n\000\040\000Z\000F}{subsection.3.3}% 38
\BOOKMARK [3][-]{lemma.3.6}{\376\377\000M\000u\000l\000t\000i\000p\000l\000i\000c\000a\000t\000i\000o\000n\000\040\000i\000n\000\040\000Z\000F}{subsection.3.3}% 39
\BOOKMARK [3][-]{lemma.3.7}{\376\377\000O\000r\000d\000e\000r\000i\000n\000g\000\040\000i\000n\000\040\000Q}{subsection.3.3}% 40
\BOOKMARK [2][-]{subsection.3.4}{\376\377\000I\000s\000o\000m\000o\000r\000p\000h\000i\000s\000m\000\040\000i\000n\000\040\000R}{section.3}% 41
\BOOKMARK [3][-]{definition.3.7}{\376\377\000\040\000f\000u\000n\000c\000t\000i\000o\000n}{subsection.3.4}% 42
\BOOKMARK [3][-]{subsubsection.3.4.1}{\376\377\000C\000o\000m\000p\000l\000e\000t\000e\000n\000e\000s\000s\000\040\000o\000f\000\040}{subsection.3.4}% 43
\BOOKMARK [3][-]{lemma.3.13}{\376\377\000O\000r\000d\000e\000r\000-\000P\000r\000e\000s\000e\000r\000v\000a\000t\000i\000o\000n}{subsection.3.4}% 44
\BOOKMARK [3][-]{lemma.3.14}{\376\377\000I\000n\000j\000e\000c\000t\000i\000v\000i\000t\000y\000\040\000i\000n\000\040}{subsection.3.4}% 45
\BOOKMARK [3][-]{lemma.3.15}{\376\377\000S\000u\000r\000j\000e\000c\000t\000i\000v\000i\000t\000y\000\040\000i\000n\000\040}{subsection.3.4}% 46
\BOOKMARK [3][-]{lemma.3.17}{\376\377\000H\000o\000m\000o\000m\000o\000r\000p\000h\000i\000s\000m\000\040\000i\000n\000\040}{subsection.3.4}% 47
\BOOKMARK [3][-]{lemma.3.18}{\376\377\000I\000s\000o\000m\000o\000r\000p\000h\000i\000s\000m\000\040}{subsection.3.4}% 48
\BOOKMARK [2][-]{subsection.3.5}{\376\377\000C\000o\000n\000s\000e\000q\000u\000e\000n\000c\000e\000s\000\040\000o\000f\000\040\000c\000o\000m\000p\000l\000e\000t\000e\000n\000e\000s\000s}{section.3}% 49
\BOOKMARK [3][-]{lemma.3.19}{\376\377\000C\000a\000u\000c\000h\000y\000-\000C\000a\000n\000t\000o\000r\000\040\000p\000r\000i\000n\000c\000i\000p\000l\000e}{subsection.3.5}% 50
\BOOKMARK [2][-]{figure.caption.12}{\376\377\000A\000.\000\040\000P\000r\000o\000o\000f\000\040\000T\000e\000c\000h\000n\000i\000q\000u\000e\000s\000\040\000T\000o\000o\000l\000k\000i\000t}{section.3}% 51
